2020/06/30 14:33:23 /Users/ei1125/projects/go-projects/go-practice/log.go:21: Exit open fdafdads: no such file or directory
